2026-06-26 15:42:22,987 [INFO] ======================================================================
2026-06-26 15:42:22,987 [INFO] CMA-ES 训练开始
2026-06-26 15:42:22,987 [INFO] ======================================================================
2026-06-26 15:42:22,987 [INFO] 训练区间: 2025-03-01 ~ 2025-06-30
2026-06-26 15:42:22,987 [INFO] 验证区间: 2025-07-01 ~ 2025-10-30
2026-06-26 15:42:22,987 [INFO] 测试区间: 2026-02-01 ~ 2026-06-30
2026-06-26 15:42:22,987 [INFO] 股票池: D:\Quant\01_SwProj\04_VectorBT\02_Lima\Lima_Gen1\05_BackTest\01_Ashares\01_List\中证A500.xlsx
2026-06-26 15:42:22,987 [INFO] 训练用 30 只抽样股票，验证用全部 500 只
2026-06-26 15:42:22,987 [INFO] 种群大小: 4,  最大代数: 1
2026-06-26 15:42:22,987 [INFO] 并行 worker: 4
2026-06-26 15:42:22,987 [INFO] 权重维度: 22,  范围: init × [0.01, 10.0]
2026-06-26 15:42:22,987 [INFO] 初始权重 (前 5 个): [45.0, 23.9, 25.28, 17.49, 60.27]
2026-06-26 15:42:22,987 [INFO] ======================================================================
2026-06-26 15:43:10,037 [INFO]   ★ 新最优! train=527524  val=700219  weights[:5]=[192.78, 17.3, 193.91, 55.75, 584.97]
2026-06-26 15:43:10,037 [INFO] gen=  1/1  train_best=    527524  val_best  =    700219  mean=    503242  elapsed=  47.0s  total=  0.8min
2026-06-26 15:43:10,037 [INFO] 💾 Best weights saved → D:\Quant\01_SwProj\04_VectorBT\02_Lima\Lima_Gen1\06_RL\01_Ashares\01_Alpha\outputs\best_weights_v5.json
2026-06-26 15:43:10,037 [INFO] 💾 History saved → D:\Quant\01_SwProj\04_VectorBT\02_Lima\Lima_Gen1\06_RL\01_Ashares\01_Alpha\outputs\history_v5.json
2026-06-26 15:43:10,037 [INFO] ======================================================================
2026-06-26 15:43:10,037 [INFO] 训练结束
2026-06-26 15:43:10,037 [INFO] ======================================================================
2026-06-26 15:43:10,037 [INFO] 总代数: 1,  总耗时: 0.8 min
2026-06-26 15:43:10,037 [INFO] 训练集最优 End Value: 527,524
2026-06-26 15:43:10,037 [INFO] 验证集最优 End Value: 700,219
2026-06-26 15:43:10,037 [INFO] 最优权重 (vs 初始):
2026-06-26 15:43:10,037 [INFO]       j_wi_1  init=  45.00  opt= 192.78  ratio= 4.28x
2026-06-26 15:43:10,037 [INFO]       j_wi_2  init=  23.90  opt=  17.30  ratio= 0.72x
2026-06-26 15:43:10,037 [INFO]       j_wi_3  init=  25.28  opt= 193.91  ratio= 7.67x
2026-06-26 15:43:10,037 [INFO]      bp_wi_1  init=  17.49  opt=  55.75  ratio= 3.19x
2026-06-26 15:43:10,037 [INFO]      bp_wi_2  init=  60.27  opt= 584.97  ratio= 9.71x
2026-06-26 15:43:10,037 [INFO]      bp_wi_3  init=   3.13  opt=  11.21  ratio= 3.58x
2026-06-26 15:43:10,037 [INFO]     bbi_wi_1  init=  30.75  opt= 227.79  ratio= 7.41x
2026-06-26 15:43:10,037 [INFO]     bbi_wi_2  init=  35.20  opt= 217.42  ratio= 6.18x
2026-06-26 15:43:10,037 [INFO]     bbi_wi_3  init=  11.77  opt=  89.19  ratio= 7.58x
2026-06-26 15:43:10,037 [INFO]     peb_wi_1  init=  53.62  opt= 156.72  ratio= 2.92x
2026-06-26 15:43:10,037 [INFO]     peb_wi_2  init=  30.65  opt= 220.95  ratio= 7.21x
2026-06-26 15:43:10,037 [INFO]     peb_wi_3  init=   8.50  opt=  56.77  ratio= 6.68x
2026-06-26 15:43:10,037 [INFO]     peb_wi_4  init=   8.48  opt=  82.95  ratio= 9.78x
2026-06-26 15:43:10,037 [INFO]     peb_wi_5  init= -12.32  opt= -69.30  ratio= 5.62x
2026-06-26 15:43:10,037 [INFO]     peb_wi_6  init= -30.48  opt= -44.97  ratio= 1.48x
2026-06-26 15:43:10,037 [INFO]      bt_wi_1  init=  11.74  opt=  57.94  ratio= 4.94x
2026-06-26 15:43:10,037 [INFO]      bt_wi_2  init=  88.57  opt= 745.53  ratio= 8.42x
2026-06-26 15:43:10,037 [INFO]      yw_wi_1  init=  36.30  opt= 260.97  ratio= 7.19x
2026-06-26 15:43:10,037 [INFO]      yw_wi_2  init=  49.85  opt= 420.44  ratio= 8.43x
2026-06-26 15:43:10,037 [INFO]      yw_wi_3  init=  35.25  opt= 351.41  ratio= 9.97x
2026-06-26 15:43:10,037 [INFO]      amvl_wi  init=  20.00  opt=  80.47  ratio= 4.02x
2026-06-26 15:43:10,037 [INFO]      amvs_wi  init=  20.00  opt= 184.24  ratio= 9.21x
